2026-03-07 00:59:41 [INFO] 日志文件: ./logs_t5\t5_csc_training_20260307_005941.log
2026-03-07 00:59:41 [INFO] 使用设备: cuda:0
2026-03-07 01:00:39 [INFO] 训练集样本数: 251835 | 验证集样本数: 27981
2026-03-07 02:45:10 [INFO] ============================================================
2026-03-07 02:45:10 [INFO] Epoch 1/5 Summary
2026-03-07 02:45:10 [INFO]   Train Loss : 0.2436
2026-03-07 02:45:10 [INFO]   Dev   Loss : 0.0876
2026-03-07 02:45:10 [INFO]   Dev   EM   : 0.1264  (3537/27981)
2026-03-07 02:45:10 [INFO] ============================================================
2026-03-07 02:45:10 [INFO] >>> 新的最佳记录! Dev EM: 0.1264，正在保存模型...
2026-03-07 02:45:11 [INFO] >>> 模型已保存至 ./best_t5_model_2
2026-03-07 04:30:48 [INFO] ============================================================
2026-03-07 04:30:48 [INFO] Epoch 2/5 Summary
2026-03-07 04:30:48 [INFO]   Train Loss : 0.0677
2026-03-07 04:30:48 [INFO]   Dev   Loss : 0.0689
2026-03-07 04:30:48 [INFO]   Dev   EM   : 0.1438  (4023/27981)
2026-03-07 04:30:48 [INFO] ============================================================
2026-03-07 04:30:48 [INFO] >>> 新的最佳记录! Dev EM: 0.1438，正在保存模型...
2026-03-07 04:30:49 [INFO] >>> 模型已保存至 ./best_t5_model_2
2026-03-07 06:16:38 [INFO] ============================================================
2026-03-07 06:16:38 [INFO] Epoch 3/5 Summary
2026-03-07 06:16:38 [INFO]   Train Loss : 0.0308
2026-03-07 06:16:38 [INFO]   Dev   Loss : 0.0654
2026-03-07 06:16:38 [INFO]   Dev   EM   : 0.1490  (4170/27981)
2026-03-07 06:16:38 [INFO] ============================================================
2026-03-07 06:16:38 [INFO] >>> 新的最佳记录! Dev EM: 0.1490，正在保存模型...
2026-03-07 06:16:39 [INFO] >>> 模型已保存至 ./best_t5_model_2
2026-03-07 08:02:19 [INFO] ============================================================
2026-03-07 08:02:19 [INFO] Epoch 4/5 Summary
2026-03-07 08:02:19 [INFO]   Train Loss : 0.0133
2026-03-07 08:02:19 [INFO]   Dev   Loss : 0.0642
2026-03-07 08:02:19 [INFO]   Dev   EM   : 0.1525  (4267/27981)
2026-03-07 08:02:19 [INFO] ============================================================
2026-03-07 08:02:19 [INFO] >>> 新的最佳记录! Dev EM: 0.1525，正在保存模型...
2026-03-07 08:02:19 [INFO] >>> 模型已保存至 ./best_t5_model_2
