2026-03-06 21:15:16 [INFO] 日志文件: ./logs\bert_training_20260306_211516.log
2026-03-06 21:15:16 [INFO] 使用设备: cuda:0
2026-03-06 21:15:16 [INFO] ============================================================
2026-03-06 21:15:16 [INFO] 训练超参数:
2026-03-06 21:15:16 [INFO]   Seed:           42
2026-03-06 21:15:16 [INFO]   Learning Rate:  3e-05
2026-03-06 21:15:16 [INFO]   Epochs:         5
2026-03-06 21:15:16 [INFO]   Batch Size:     16
2026-03-06 21:15:16 [INFO]   Weight Decay:   0.01
2026-03-06 21:15:16 [INFO]   Max Grad Norm:  1.0
2026-03-06 21:15:16 [INFO]   Max Length:     512
2026-03-06 21:15:16 [INFO]   Stride:         128
2026-03-06 21:15:16 [INFO]   Warmup Ratio:   0.1
2026-03-06 21:15:16 [INFO] ============================================================
2026-03-06 21:15:20 [INFO] Processing Train set...
2026-03-06 21:15:26 [INFO] Processing Dev set...
2026-03-06 21:15:27 [INFO] 训练集样本数: 14013 | 验证集样本数: 4533
2026-03-06 21:15:27 [INFO] 训练 Batch 数: 876 | 验证 Batch 数: 284
2026-03-06 21:15:27 [INFO] 总训练步数: 4380 | Warmup 步数: 438
2026-03-06 21:18:35 [INFO] ============================================================
2026-03-06 21:18:35 [INFO] Epoch 1/5 Summary
2026-03-06 21:18:35 [INFO]   Train Loss : 2.2865
2026-03-06 21:18:35 [INFO]   Dev   Loss : 1.1071
2026-03-06 21:18:35 [INFO]   Dev   EM   : 0.6009  (2724/4533)
2026-03-06 21:18:35 [INFO]   Dev   F1   : 0.8069
2026-03-06 21:18:35 [INFO] ============================================================
2026-03-06 21:18:35 [INFO] >>> 新的最佳记录! Dev F1: 0.8069 | EM: 0.6009，正在保存模型...
2026-03-06 21:18:36 [INFO] >>> 模型已保存至 ./best_bert_model
2026-03-06 21:21:48 [INFO] ============================================================
2026-03-06 21:21:48 [INFO] Epoch 2/5 Summary
2026-03-06 21:21:48 [INFO]   Train Loss : 1.0214
2026-03-06 21:21:48 [INFO]   Dev   Loss : 0.9825
2026-03-06 21:21:48 [INFO]   Dev   EM   : 0.6331  (2870/4533)
2026-03-06 21:21:48 [INFO]   Dev   F1   : 0.8418
2026-03-06 21:21:48 [INFO] ============================================================
2026-03-06 21:21:48 [INFO] >>> 新的最佳记录! Dev F1: 0.8818 | EM: 0.6931，正在保存模型...
2026-03-06 21:21:48 [INFO] >>> 模型已保存至 ./best_bert_model
2026-03-06 21:25:05 [INFO] ============================================================
2026-03-06 21:25:05 [INFO] Epoch 3/5 Summary
2026-03-06 21:25:05 [INFO]   Train Loss : 0.6353
2026-03-06 21:25:05 [INFO]   Dev   Loss : 1.0325
2026-03-06 21:25:05 [INFO]   Dev   EM   : 0.6243  (2830/4533)
2026-03-06 21:25:05 [INFO]   Dev   F1   : 0.8291
2026-03-06 21:25:05 [INFO] ============================================================
2026-03-06 21:28:23 [INFO] ============================================================
2026-03-06 21:28:23 [INFO] Epoch 4/5 Summary
2026-03-06 21:28:23 [INFO]   Train Loss : 0.3762
2026-03-06 21:28:23 [INFO]   Dev   Loss : 1.2827
2026-03-06 21:28:23 [INFO]   Dev   EM   : 0.6120  (2774/4533)
2026-03-06 21:28:23 [INFO]   Dev   F1   : 0.8279
2026-03-06 21:28:23 [INFO] ============================================================
2026-03-06 21:31:34 [INFO] ============================================================
2026-03-06 21:31:34 [INFO] Epoch 5/5 Summary
2026-03-06 21:31:34 [INFO]   Train Loss : 0.2269
2026-03-06 21:31:34 [INFO]   Dev   Loss : 1.5202
2026-03-06 21:31:34 [INFO]   Dev   EM   : 0.6144  (2785/4533)
2026-03-06 21:31:34 [INFO]   Dev   F1   : 0.8320
2026-03-06 21:31:34 [INFO] ============================================================
2026-03-06 21:31:34 [INFO] 正在生成训练曲线图...
2026-03-06 21:31:35 [INFO] 曲线图已保存至 : ./logs\training_curves_20260306_213134.png
2026-03-06 21:31:35 [INFO] ============================================================
2026-03-06 21:31:35 [INFO] 训练结束！
2026-03-06 21:31:35 [INFO] 最优模型保存路径 : ./best_bert_model
2026-03-06 21:31:35 [INFO] 历史最高 Dev F1  : 0.8818
2026-03-06 21:31:35 [INFO] 历史最高 Dev EM  : 0.6931
2026-03-06 21:31:35 [INFO] ============================================================
